  復元対象のプロジェクトを決定しています...
  復元対象のすべてのプロジェクトは最新です。
  DesktopOrganizer.Core -> C:\Users\aptma\Downloads\DesktopOrganizer\DesktopOrganizer.Core\bin\Release\net8.0\DesktopOrganizer.Core.dll
C:\Users\aptma\Downloads\DesktopOrganizer\DesktopOrganizer.UI\ViewModels\ShelfViewModel.cs(98,32): warning CS0067: イベント 'ShelfViewModel.RenameRequested' は使用されていません [C:\Users\aptma\Downloads\DesktopOrganizer\DesktopOrganizer.UI\DesktopOrganizer.UI_trwey5wm_wpftmp.csproj]
C:\Users\aptma\Downloads\DesktopOrganizer\DesktopOrganizer.UI\ViewModels\ShelfViewModel.cs(98,32): warning CS0067: イベント 'ShelfViewModel.RenameRequested' は使用されていません [C:\Users\aptma\Downloads\DesktopOrganizer\DesktopOrganizer.UI\DesktopOrganizer.UI.csproj]
  DesktopOrganizer.UI -> C:\Users\aptma\Downloads\DesktopOrganizer\DesktopOrganizer.UI\bin\Release\net8.0-windows\DesktopOrganizer.UI.dll

ビルドに成功しました。

C:\Users\aptma\Downloads\DesktopOrganizer\DesktopOrganizer.UI\ViewModels\ShelfViewModel.cs(98,32): warning CS0067: イベント 'ShelfViewModel.RenameRequested' は使用されていません [C:\Users\aptma\Downloads\DesktopOrganizer\DesktopOrganizer.UI\DesktopOrganizer.UI_trwey5wm_wpftmp.csproj]
C:\Users\aptma\Downloads\DesktopOrganizer\DesktopOrganizer.UI\ViewModels\ShelfViewModel.cs(98,32): warning CS0067: イベント 'ShelfViewModel.RenameRequested' は使用されていません [C:\Users\aptma\Downloads\DesktopOrganizer\DesktopOrganizer.UI\DesktopOrganizer.UI.csproj]
    2 個の警告
    0 エラー

経過時間 00:00:01.63
