  復元対象のプロジェクトを決定しています...
  復元対象のすべてのプロジェクトは最新です。
  DesktopOrganizer.Core -> C:\Users\aptma\Downloads\DesktopOrganizer\DesktopOrganizer.Core\bin\Debug\net8.0\DesktopOrganizer.Core.dll
  DesktopOrganizer.UI -> C:\Users\aptma\Downloads\DesktopOrganizer\DesktopOrganizer.UI\bin\Debug\net8.0-windows\DesktopOrganizer.UI.dll
  DesktopOrganizer.Tests -> C:\Users\aptma\Downloads\DesktopOrganizer\DesktopOrganizer.Tests\bin\Debug\net8.0-windows\DesktopOrganizer.Tests.dll
C:\Users\aptma\Downloads\DesktopOrganizer\DesktopOrganizer.Tests\bin\Debug\net8.0-windows\DesktopOrganizer.Tests.dll (.NETCoreApp,Version=v8.0) のテスト実行
VSTest のバージョン 18.0.1 (x64)

テスト実行を開始しています。お待ちください...
合計 1 個のテスト ファイルが指定されたパターンと一致しました。

成功!   -失敗:     0、合格:     7、スキップ:     0、合計:     7、期間: 1 s - DesktopOrganizer.Tests.dll (net8.0)
